{"errors":[{"code":"resource_not_found","detail":"No such source with id src_wZ8pJPV6tL4Dwfq8YgaXMKAR.","source":{"pointer":"source.id","attribute":"id"}}]}